-5
200
2
4
6
8
10
27
27
24
24
21
21
18
18
15
15
12
12
9
9
6
6
3
3
0
0
0
3
2
5
3
3
3
3
3
4
8
8
35
success
