Bad Terminal Context:
BadTerminalContextException: '*)' occured without '(*'
