Call to undefined function:
@foo is not a function name
