Unexpected symbol:
'end' with TOS: ':='
LL1Parser:
    token number: 2
    stack: [ ':=', '<Assign-Tail>', '<InstList-Tail>', 'end', '$' ]
    token: end	lexical unit: END
    line: 6, column: 0
    code: begin Attention end 

