Call to undefined function:
@fib is not a function name
