token: begin	lexical unit: BEGIN
token: end	lexical unit: END

Identifiers
