Call to undefined function:
@bar is not a function name
