Ce test fonctionera si on fait la v√©rification de la signature lors d'un appel de fonction
