Unexpected symbol: function with TOS: <ExprArith-p1-j>
