token: begin	lexical unit: BEGIN
token: read	lexical unit: READ
token: (	lexical unit: LPAREN
token: 2	lexical unit: NUMBER
token: a	lexical unit: VARNAME
token: )	lexical unit: RPAREN
token: ;	lexical unit: SEMICOLON
token: read	lexical unit: READ
token: (	lexical unit: LPAREN
token: b	lexical unit: VARNAME
token: )	lexical unit: RPAREN
token: ;	lexical unit: SEMICOLON
token: end	lexical unit: END

Identifiers
a               2
b               3
