Unknown terminal:
BadTerminalException: Bad terminal: 'รฐ'
